2026-07-28 07:23:27: 2026-07-28 07:23:27: 2026-07-28 07:23:27: 2026-07-28 07:23:28: 2026-07-28 07:23:28: 2026-07-28 07:23:28: 2026-07-28 07:23:29: 2026-07-28 07:23:29: 2026-07-28 07:23:29: 2026-07-28 07:23:30: 2026-07-28 07:23:30: 2026-07-28 07:23:30: 2026-07-28 07:23:31: 2026-07-28 07:23:31: 2026-07-28 07:23:31: 2026-07-28 07:23:32: 2026-07-28 07:25:06: 2026-07-28 07:25:06: 2026-07-28 07:25:07: 2026-07-28 07:25:07: 2026-07-28 07:25:07: 2026-07-28 07:25:08: 2026-07-28 07:25:08: 2026-07-28 07:25:09: 2026-07-28 07:25:09: 2026-07-28 07:25:09: 2026-07-28 07:25:10: 2026-07-28 07:25:10: 2026-07-28 07:25:11: 2026-07-28 07:25:11: 2026-07-28 07:25:12: 2026-07-28 07:25:12: 2026-07-28 07:25:12: 2026-07-28 07:25:13: 2026-07-28 07:25:13: 2026-07-28 07:25:13: 2026-07-28 07:25:14: 2026-07-28 07:25:14: 2026-07-28 07:25:14: 2026-07-28 07:25:15: 2026-07-28 07:25:15: 2026-07-28 07:25:15: 2026-07-28 07:25:16: 2026-07-28 07:30:07: ⨯ Failed to start server
2026-07-28 07:30:07: Error: listen EADDRINUSE: address already in use :::3000
2026-07-28 07:30:07:     at <unknown> (Error: listen EADDRINUSE: address already in use :::3000)
2026-07-28 07:30:07:     at new Promise (<anonymous>) {
2026-07-28 07:30:07:   code: 'EADDRINUSE',
2026-07-28 07:30:07:   errno: -98,
2026-07-28 07:30:07:   syscall: 'listen',
2026-07-28 07:30:07:   address: '::',
2026-07-28 07:30:07:   port: 3000
2026-07-28 07:30:07: }
2026-07-28 07:30:07: ⨯ Failed to start server
2026-07-28 07:30:07: Error: listen EADDRINUSE: address already in use :::3000
2026-07-28 07:30:07:     at <unknown> (Error: listen EADDRINUSE: address already in use :::3000)
2026-07-28 07:30:07:     at new Promise (<anonymous>) {
2026-07-28 07:30:07:   code: 'EADDRINUSE',
2026-07-28 07:30:07:   errno: -98,
2026-07-28 07:30:07:   syscall: 'listen',
2026-07-28 07:30:07:   address: '::',
2026-07-28 07:30:07:   port: 3000
2026-07-28 07:30:07: }
2026-07-28 07:30:08: ⨯ Failed to start server
2026-07-28 07:30:08: Error: listen EADDRINUSE: address already in use :::3000
2026-07-28 07:30:08:     at <unknown> (Error: listen EADDRINUSE: address already in use :::3000)
2026-07-28 07:30:08:     at new Promise (<anonymous>) {
2026-07-28 07:30:08:   code: 'EADDRINUSE',
2026-07-28 07:30:08:   errno: -98,
2026-07-28 07:30:08:   syscall: 'listen',
2026-07-28 07:30:08:   address: '::',
2026-07-28 07:30:08:   port: 3000
2026-07-28 07:30:08: }
2026-07-28 07:30:08: ⨯ Failed to start server
2026-07-28 07:30:08: Error: listen EADDRINUSE: address already in use :::3000
2026-07-28 07:30:08:     at <unknown> (Error: listen EADDRINUSE: address already in use :::3000)
2026-07-28 07:30:08:     at new Promise (<anonymous>) {
2026-07-28 07:30:08:   code: 'EADDRINUSE',
2026-07-28 07:30:08:   errno: -98,
2026-07-28 07:30:08:   syscall: 'listen',
2026-07-28 07:30:08:   address: '::',
2026-07-28 07:30:08:   port: 3000
2026-07-28 07:30:08: }
2026-07-28 07:30:09: ⨯ Failed to start server
2026-07-28 07:30:09: Error: listen EADDRINUSE: address already in use :::3000
2026-07-28 07:30:09:     at <unknown> (Error: listen EADDRINUSE: address already in use :::3000)
2026-07-28 07:30:09:     at new Promise (<anonymous>) {
2026-07-28 07:30:09:   code: 'EADDRINUSE',
2026-07-28 07:30:09:   errno: -98,
2026-07-28 07:30:09:   syscall: 'listen',
2026-07-28 07:30:09:   address: '::',
2026-07-28 07:30:09:   port: 3000
2026-07-28 07:30:09: }
2026-07-28 07:30:09: ⨯ Failed to start server
2026-07-28 07:30:09: Error: listen EADDRINUSE: address already in use :::3000
2026-07-28 07:30:09:     at <unknown> (Error: listen EADDRINUSE: address already in use :::3000)
2026-07-28 07:30:09:     at new Promise (<anonymous>) {
2026-07-28 07:30:09:   code: 'EADDRINUSE',
2026-07-28 07:30:09:   errno: -98,
2026-07-28 07:30:09:   syscall: 'listen',
2026-07-28 07:30:09:   address: '::',
2026-07-28 07:30:09:   port: 3000
2026-07-28 07:30:09: }
2026-07-28 07:30:09: ⨯ Failed to start server
2026-07-28 07:30:09: Error: listen EADDRINUSE: address already in use :::3000
2026-07-28 07:30:09:     at <unknown> (Error: listen EADDRINUSE: address already in use :::3000)
2026-07-28 07:30:09:     at new Promise (<anonymous>) {
2026-07-28 07:30:09:   code: 'EADDRINUSE',
2026-07-28 07:30:09:   errno: -98,
2026-07-28 07:30:09:   syscall: 'listen',
2026-07-28 07:30:09:   address: '::',
2026-07-28 07:30:09:   port: 3000
2026-07-28 07:30:09: }
2026-07-28 07:30:10: ⨯ Failed to start server
2026-07-28 07:30:10: Error: listen EADDRINUSE: address already in use :::3000
2026-07-28 07:30:10:     at <unknown> (Error: listen EADDRINUSE: address already in use :::3000)
2026-07-28 07:30:10:     at new Promise (<anonymous>) {
2026-07-28 07:30:10:   code: 'EADDRINUSE',
2026-07-28 07:30:10:   errno: -98,
2026-07-28 07:30:10:   syscall: 'listen',
2026-07-28 07:30:10:   address: '::',
2026-07-28 07:30:10:   port: 3000
2026-07-28 07:30:10: }
2026-07-28 07:30:10: ⨯ Failed to start server
2026-07-28 07:30:10: Error: listen EADDRINUSE: address already in use :::3000
2026-07-28 07:30:10:     at <unknown> (Error: listen EADDRINUSE: address already in use :::3000)
2026-07-28 07:30:10:     at new Promise (<anonymous>) {
2026-07-28 07:30:10:   code: 'EADDRINUSE',
2026-07-28 07:30:10:   errno: -98,
2026-07-28 07:30:10:   syscall: 'listen',
2026-07-28 07:30:10:   address: '::',
2026-07-28 07:30:10:   port: 3000
2026-07-28 07:30:10: }
2026-07-28 07:30:10: ⨯ Failed to start server
2026-07-28 07:30:10: Error: listen EADDRINUSE: address already in use :::3000
2026-07-28 07:30:10:     at <unknown> (Error: listen EADDRINUSE: address already in use :::3000)
2026-07-28 07:30:10:     at new Promise (<anonymous>) {
2026-07-28 07:30:10:   code: 'EADDRINUSE',
2026-07-28 07:30:10:   errno: -98,
2026-07-28 07:30:10:   syscall: 'listen',
2026-07-28 07:30:10:   address: '::',
2026-07-28 07:30:10:   port: 3000
2026-07-28 07:30:10: }
2026-07-28 07:30:11: ⨯ Failed to start server
2026-07-28 07:30:11: Error: listen EADDRINUSE: address already in use :::3000
2026-07-28 07:30:11:     at <unknown> (Error: listen EADDRINUSE: address already in use :::3000)
2026-07-28 07:30:11:     at new Promise (<anonymous>) {
2026-07-28 07:30:11:   code: 'EADDRINUSE',
2026-07-28 07:30:11:   errno: -98,
2026-07-28 07:30:11:   syscall: 'listen',
2026-07-28 07:30:11:   address: '::',
2026-07-28 07:30:11:   port: 3000
2026-07-28 07:30:11: }
2026-07-28 07:30:11: ⨯ Failed to start server
2026-07-28 07:30:11: Error: listen EADDRINUSE: address already in use :::3000
2026-07-28 07:30:11:     at <unknown> (Error: listen EADDRINUSE: address already in use :::3000)
2026-07-28 07:30:11:     at new Promise (<anonymous>) {
2026-07-28 07:30:11:   code: 'EADDRINUSE',
2026-07-28 07:30:11:   errno: -98,
2026-07-28 07:30:11:   syscall: 'listen',
2026-07-28 07:30:11:   address: '::',
2026-07-28 07:30:11:   port: 3000
2026-07-28 07:30:11: }
2026-07-28 07:30:11: ⨯ Failed to start server
2026-07-28 07:30:11: Error: listen EADDRINUSE: address already in use :::3000
2026-07-28 07:30:11:     at <unknown> (Error: listen EADDRINUSE: address already in use :::3000)
2026-07-28 07:30:11:     at new Promise (<anonymous>) {
2026-07-28 07:30:11:   code: 'EADDRINUSE',
2026-07-28 07:30:11:   errno: -98,
2026-07-28 07:30:11:   syscall: 'listen',
2026-07-28 07:30:11:   address: '::',
2026-07-28 07:30:11:   port: 3000
2026-07-28 07:30:11: }
2026-07-28 07:30:12: ⨯ Failed to start server
2026-07-28 07:30:12: Error: listen EADDRINUSE: address already in use :::3000
2026-07-28 07:30:12:     at <unknown> (Error: listen EADDRINUSE: address already in use :::3000)
2026-07-28 07:30:12:     at new Promise (<anonymous>) {
2026-07-28 07:30:12:   code: 'EADDRINUSE',
2026-07-28 07:30:12:   errno: -98,
2026-07-28 07:30:12:   syscall: 'listen',
2026-07-28 07:30:12:   address: '::',
2026-07-28 07:30:12:   port: 3000
2026-07-28 07:30:12: }
2026-07-28 07:30:12: ⨯ Failed to start server
2026-07-28 07:30:12: Error: listen EADDRINUSE: address already in use :::3000
2026-07-28 07:30:12:     at <unknown> (Error: listen EADDRINUSE: address already in use :::3000)
2026-07-28 07:30:12:     at new Promise (<anonymous>) {
2026-07-28 07:30:12:   code: 'EADDRINUSE',
2026-07-28 07:30:12:   errno: -98,
2026-07-28 07:30:12:   syscall: 'listen',
2026-07-28 07:30:12:   address: '::',
2026-07-28 07:30:12:   port: 3000
2026-07-28 07:30:12: }
2026-07-28 07:30:12: ⨯ Failed to start server
2026-07-28 07:30:12: Error: listen EADDRINUSE: address already in use :::3000
2026-07-28 07:30:12:     at <unknown> (Error: listen EADDRINUSE: address already in use :::3000)
2026-07-28 07:30:12:     at new Promise (<anonymous>) {
2026-07-28 07:30:12:   code: 'EADDRINUSE',
2026-07-28 07:30:12:   errno: -98,
2026-07-28 07:30:12:   syscall: 'listen',
2026-07-28 07:30:12:   address: '::',
2026-07-28 07:30:12:   port: 3000
2026-07-28 07:30:12: }
2026-07-28 07:30:13: ⨯ Failed to start server
2026-07-28 07:30:13: Error: listen EADDRINUSE: address already in use :::3000
2026-07-28 07:30:13:     at <unknown> (Error: listen EADDRINUSE: address already in use :::3000)
2026-07-28 07:30:13:     at new Promise (<anonymous>) {
2026-07-28 07:30:13:   code: 'EADDRINUSE',
2026-07-28 07:30:13:   errno: -98,
2026-07-28 07:30:13:   syscall: 'listen',
2026-07-28 07:30:13:   address: '::',
2026-07-28 07:30:13:   port: 3000
2026-07-28 07:30:13: }
2026-07-28 07:35:58: ⨯ Failed to start server
2026-07-28 07:35:58: Error: listen EADDRINUSE: address already in use :::3000
2026-07-28 07:35:58:     at <unknown> (Error: listen EADDRINUSE: address already in use :::3000)
2026-07-28 07:35:58:     at new Promise (<anonymous>) {
2026-07-28 07:35:58:   code: 'EADDRINUSE',
2026-07-28 07:35:58:   errno: -98,
2026-07-28 07:35:58:   syscall: 'listen',
2026-07-28 07:35:58:   address: '::',
2026-07-28 07:35:58:   port: 3000
2026-07-28 07:35:58: }
2026-07-28 07:35:59: ⨯ Failed to start server
2026-07-28 07:35:59: Error: listen EADDRINUSE: address already in use :::3000
2026-07-28 07:35:59:     at <unknown> (Error: listen EADDRINUSE: address already in use :::3000)
2026-07-28 07:35:59:     at new Promise (<anonymous>) {
2026-07-28 07:35:59:   code: 'EADDRINUSE',
2026-07-28 07:35:59:   errno: -98,
2026-07-28 07:35:59:   syscall: 'listen',
2026-07-28 07:35:59:   address: '::',
2026-07-28 07:35:59:   port: 3000
2026-07-28 07:35:59: }
2026-07-28 07:35:59: ⨯ Failed to start server
2026-07-28 07:35:59: Error: listen EADDRINUSE: address already in use :::3000
2026-07-28 07:35:59:     at <unknown> (Error: listen EADDRINUSE: address already in use :::3000)
2026-07-28 07:35:59:     at new Promise (<anonymous>) {
2026-07-28 07:35:59:   code: 'EADDRINUSE',
2026-07-28 07:35:59:   errno: -98,
2026-07-28 07:35:59:   syscall: 'listen',
2026-07-28 07:35:59:   address: '::',
2026-07-28 07:35:59:   port: 3000
2026-07-28 07:35:59: }
2026-07-28 07:35:59: ⨯ Failed to start server
2026-07-28 07:35:59: Error: listen EADDRINUSE: address already in use :::3000
2026-07-28 07:35:59:     at <unknown> (Error: listen EADDRINUSE: address already in use :::3000)
2026-07-28 07:35:59:     at new Promise (<anonymous>) {
2026-07-28 07:35:59:   code: 'EADDRINUSE',
2026-07-28 07:35:59:   errno: -98,
2026-07-28 07:35:59:   syscall: 'listen',
2026-07-28 07:35:59:   address: '::',
2026-07-28 07:35:59:   port: 3000
2026-07-28 07:35:59: }
2026-07-28 07:36:00: ⨯ Failed to start server
2026-07-28 07:36:00: Error: listen EADDRINUSE: address already in use :::3000
2026-07-28 07:36:00:     at <unknown> (Error: listen EADDRINUSE: address already in use :::3000)
2026-07-28 07:36:00:     at new Promise (<anonymous>) {
2026-07-28 07:36:00:   code: 'EADDRINUSE',
2026-07-28 07:36:00:   errno: -98,
2026-07-28 07:36:00:   syscall: 'listen',
2026-07-28 07:36:00:   address: '::',
2026-07-28 07:36:00:   port: 3000
2026-07-28 07:36:00: }
2026-07-28 07:36:00: ⨯ Failed to start server
2026-07-28 07:36:00: Error: listen EADDRINUSE: address already in use :::3000
2026-07-28 07:36:00:     at <unknown> (Error: listen EADDRINUSE: address already in use :::3000)
2026-07-28 07:36:00:     at new Promise (<anonymous>) {
2026-07-28 07:36:00:   code: 'EADDRINUSE',
2026-07-28 07:36:00:   errno: -98,
2026-07-28 07:36:00:   syscall: 'listen',
2026-07-28 07:36:00:   address: '::',
2026-07-28 07:36:00:   port: 3000
2026-07-28 07:36:00: }
2026-07-28 07:36:00: ⨯ Failed to start server
2026-07-28 07:36:00: Error: listen EADDRINUSE: address already in use :::3000
2026-07-28 07:36:00:     at <unknown> (Error: listen EADDRINUSE: address already in use :::3000)
2026-07-28 07:36:00:     at new Promise (<anonymous>) {
2026-07-28 07:36:00:   code: 'EADDRINUSE',
2026-07-28 07:36:00:   errno: -98,
2026-07-28 07:36:00:   syscall: 'listen',
2026-07-28 07:36:00:   address: '::',
2026-07-28 07:36:00:   port: 3000
2026-07-28 07:36:00: }
2026-07-28 07:36:01: ⨯ Failed to start server
2026-07-28 07:36:01: Error: listen EADDRINUSE: address already in use :::3000
2026-07-28 07:36:01:     at <unknown> (Error: listen EADDRINUSE: address already in use :::3000)
2026-07-28 07:36:01:     at new Promise (<anonymous>) {
2026-07-28 07:36:01:   code: 'EADDRINUSE',
2026-07-28 07:36:01:   errno: -98,
2026-07-28 07:36:01:   syscall: 'listen',
2026-07-28 07:36:01:   address: '::',
2026-07-28 07:36:01:   port: 3000
2026-07-28 07:36:01: }
2026-07-28 07:36:01: ⨯ Failed to start server
2026-07-28 07:36:01: Error: listen EADDRINUSE: address already in use :::3000
2026-07-28 07:36:01:     at <unknown> (Error: listen EADDRINUSE: address already in use :::3000)
2026-07-28 07:36:01:     at new Promise (<anonymous>) {
2026-07-28 07:36:01:   code: 'EADDRINUSE',
2026-07-28 07:36:01:   errno: -98,
2026-07-28 07:36:01:   syscall: 'listen',
2026-07-28 07:36:01:   address: '::',
2026-07-28 07:36:01:   port: 3000
2026-07-28 07:36:01: }
2026-07-28 07:36:02: ⨯ Failed to start server
2026-07-28 07:36:02: Error: listen EADDRINUSE: address already in use :::3000
2026-07-28 07:36:02:     at <unknown> (Error: listen EADDRINUSE: address already in use :::3000)
2026-07-28 07:36:02:     at new Promise (<anonymous>) {
2026-07-28 07:36:02:   code: 'EADDRINUSE',
2026-07-28 07:36:02:   errno: -98,
2026-07-28 07:36:02:   syscall: 'listen',
2026-07-28 07:36:02:   address: '::',
2026-07-28 07:36:02:   port: 3000
2026-07-28 07:36:02: }
2026-07-28 07:36:02: ⨯ Failed to start server
2026-07-28 07:36:02: Error: listen EADDRINUSE: address already in use :::3000
2026-07-28 07:36:02:     at <unknown> (Error: listen EADDRINUSE: address already in use :::3000)
2026-07-28 07:36:02:     at new Promise (<anonymous>) {
2026-07-28 07:36:02:   code: 'EADDRINUSE',
2026-07-28 07:36:02:   errno: -98,
2026-07-28 07:36:02:   syscall: 'listen',
2026-07-28 07:36:02:   address: '::',
2026-07-28 07:36:02:   port: 3000
2026-07-28 07:36:02: }
2026-07-28 07:36:02: ⨯ Failed to start server
2026-07-28 07:36:02: Error: listen EADDRINUSE: address already in use :::3000
2026-07-28 07:36:02:     at <unknown> (Error: listen EADDRINUSE: address already in use :::3000)
2026-07-28 07:36:02:     at new Promise (<anonymous>) {
2026-07-28 07:36:02:   code: 'EADDRINUSE',
2026-07-28 07:36:02:   errno: -98,
2026-07-28 07:36:02:   syscall: 'listen',
2026-07-28 07:36:02:   address: '::',
2026-07-28 07:36:02:   port: 3000
2026-07-28 07:36:02: }
2026-07-28 07:36:03: ⨯ Failed to start server
2026-07-28 07:36:03: Error: listen EADDRINUSE: address already in use :::3000
2026-07-28 07:36:03:     at <unknown> (Error: listen EADDRINUSE: address already in use :::3000)
2026-07-28 07:36:03:     at new Promise (<anonymous>) {
2026-07-28 07:36:03:   code: 'EADDRINUSE',
2026-07-28 07:36:03:   errno: -98,
2026-07-28 07:36:03:   syscall: 'listen',
2026-07-28 07:36:03:   address: '::',
2026-07-28 07:36:03:   port: 3000
2026-07-28 07:36:03: }
2026-07-28 07:36:03: ⨯ Failed to start server
2026-07-28 07:36:03: Error: listen EADDRINUSE: address already in use :::3000
2026-07-28 07:36:03:     at <unknown> (Error: listen EADDRINUSE: address already in use :::3000)
2026-07-28 07:36:03:     at new Promise (<anonymous>) {
2026-07-28 07:36:03:   code: 'EADDRINUSE',
2026-07-28 07:36:03:   errno: -98,
2026-07-28 07:36:03:   syscall: 'listen',
2026-07-28 07:36:03:   address: '::',
2026-07-28 07:36:03:   port: 3000
2026-07-28 07:36:03: }
2026-07-28 07:36:04: ⨯ Failed to start server
2026-07-28 07:36:04: Error: listen EADDRINUSE: address already in use :::3000
2026-07-28 07:36:04:     at <unknown> (Error: listen EADDRINUSE: address already in use :::3000)
2026-07-28 07:36:04:     at new Promise (<anonymous>) {
2026-07-28 07:36:04:   code: 'EADDRINUSE',
2026-07-28 07:36:04:   errno: -98,
2026-07-28 07:36:04:   syscall: 'listen',
2026-07-28 07:36:04:   address: '::',
2026-07-28 07:36:04:   port: 3000
2026-07-28 07:36:04: }
2026-07-28 07:36:04: ⨯ Failed to start server
2026-07-28 07:36:04: Error: listen EADDRINUSE: address already in use :::3000
2026-07-28 07:36:04:     at <unknown> (Error: listen EADDRINUSE: address already in use :::3000)
2026-07-28 07:36:04:     at new Promise (<anonymous>) {
2026-07-28 07:36:04:   code: 'EADDRINUSE',
2026-07-28 07:36:04:   errno: -98,
2026-07-28 07:36:04:   syscall: 'listen',
2026-07-28 07:36:04:   address: '::',
2026-07-28 07:36:04:   port: 3000
2026-07-28 07:36:04: }
2026-07-28 07:38:33: [31m[auth][error][0m CredentialsSignin: Read more at https://errors.authjs.dev#credentialssignin
2026-07-28 07:38:33:     at iv (/home/azis/ares/.next/server/chunks/_0g-ydn0._.js:404:40971)
2026-07-28 07:38:33:     at async iP (/home/azis/ares/.next/server/chunks/_0g-ydn0._.js:404:50551)
2026-07-28 07:38:33:     at async iU (/home/azis/ares/.next/server/chunks/_0g-ydn0._.js:404:54801)
2026-07-28 07:38:33:     at async rJ.do (/home/azis/ares/node_modules/next/dist/compiled/next-server/app-route-turbo.runtime.prod.js:5:20930)
2026-07-28 07:38:33:     at async rJ.handle (/home/azis/ares/node_modules/next/dist/compiled/next-server/app-route-turbo.runtime.prod.js:5:25785)
2026-07-28 07:38:33:     at async l (/home/azis/ares/.next/server/chunks/_0g-ydn0._.js:404:83814)
2026-07-28 07:38:33:     at async rJ.handleResponse (/home/azis/ares/node_modules/next/dist/compiled/next-server/app-route-turbo.runtime.prod.js:1:119701)
2026-07-28 07:38:33:     at async c (/home/azis/ares/.next/server/chunks/_0g-ydn0._.js:404:84855)
2026-07-28 07:38:33:     at async Module.E [as handler] (/home/azis/ares/.next/server/chunks/_0g-ydn0._.js:404:85962)
2026-07-28 07:38:33:     at async NextNodeServer.renderToResponseWithComponentsImpl (/home/azis/ares/node_modules/next/dist/server/base-server.js:1462:9)
2026-07-28 07:38:52: [31m[auth][error][0m CredentialsSignin: Read more at https://errors.authjs.dev#credentialssignin
2026-07-28 07:38:52:     at iv (/home/azis/ares/.next/server/chunks/_0g-ydn0._.js:404:40971)
2026-07-28 07:38:52:     at async iP (/home/azis/ares/.next/server/chunks/_0g-ydn0._.js:404:50551)
2026-07-28 07:38:52:     at async iU (/home/azis/ares/.next/server/chunks/_0g-ydn0._.js:404:54801)
2026-07-28 07:38:52:     at async rJ.do (/home/azis/ares/node_modules/next/dist/compiled/next-server/app-route-turbo.runtime.prod.js:5:20930)
2026-07-28 07:38:52:     at async rJ.handle (/home/azis/ares/node_modules/next/dist/compiled/next-server/app-route-turbo.runtime.prod.js:5:25785)
2026-07-28 07:38:52:     at async l (/home/azis/ares/.next/server/chunks/_0g-ydn0._.js:404:83814)
2026-07-28 07:38:52:     at async rJ.handleResponse (/home/azis/ares/node_modules/next/dist/compiled/next-server/app-route-turbo.runtime.prod.js:1:119701)
2026-07-28 07:38:52:     at async c (/home/azis/ares/.next/server/chunks/_0g-ydn0._.js:404:84855)
2026-07-28 07:38:52:     at async Module.E [as handler] (/home/azis/ares/.next/server/chunks/_0g-ydn0._.js:404:85962)
2026-07-28 07:38:52:     at async NextNodeServer.renderToResponseWithComponentsImpl (/home/azis/ares/node_modules/next/dist/server/base-server.js:1462:9)
2026-07-28 07:55:41: [31m[auth][error][0m CredentialsSignin: Read more at https://errors.authjs.dev#credentialssignin
2026-07-28 07:55:41:     at iv (/home/azis/ares/.next/server/chunks/_0g-ydn0._.js:404:40971)
2026-07-28 07:55:41:     at process.processTicksAndRejections (node:internal/process/task_queues:95:5)
2026-07-28 07:55:41:     at async iP (/home/azis/ares/.next/server/chunks/_0g-ydn0._.js:404:50551)
2026-07-28 07:55:41:     at async iU (/home/azis/ares/.next/server/chunks/_0g-ydn0._.js:404:54801)
2026-07-28 07:55:41:     at async rJ.do (/home/azis/ares/node_modules/next/dist/compiled/next-server/app-route-turbo.runtime.prod.js:5:20930)
2026-07-28 07:55:41:     at async rJ.handle (/home/azis/ares/node_modules/next/dist/compiled/next-server/app-route-turbo.runtime.prod.js:5:25785)
2026-07-28 07:55:41:     at async l (/home/azis/ares/.next/server/chunks/_0g-ydn0._.js:404:83842)
2026-07-28 07:55:41:     at async rJ.handleResponse (/home/azis/ares/node_modules/next/dist/compiled/next-server/app-route-turbo.runtime.prod.js:1:119701)
2026-07-28 07:55:41:     at async c (/home/azis/ares/.next/server/chunks/_0g-ydn0._.js:404:84883)
2026-07-28 07:55:41:     at async Module.E [as handler] (/home/azis/ares/.next/server/chunks/_0g-ydn0._.js:404:85990)
2026-07-28 07:55:46: [31m[auth][error][0m CredentialsSignin: Read more at https://errors.authjs.dev#credentialssignin
2026-07-28 07:55:46:     at iv (/home/azis/ares/.next/server/chunks/_0g-ydn0._.js:404:40971)
2026-07-28 07:55:46:     at process.processTicksAndRejections (node:internal/process/task_queues:95:5)
2026-07-28 07:55:46:     at async iP (/home/azis/ares/.next/server/chunks/_0g-ydn0._.js:404:50551)
2026-07-28 07:55:46:     at async iU (/home/azis/ares/.next/server/chunks/_0g-ydn0._.js:404:54801)
2026-07-28 07:55:46:     at async rJ.do (/home/azis/ares/node_modules/next/dist/compiled/next-server/app-route-turbo.runtime.prod.js:5:20930)
2026-07-28 07:55:46:     at async rJ.handle (/home/azis/ares/node_modules/next/dist/compiled/next-server/app-route-turbo.runtime.prod.js:5:25785)
2026-07-28 07:55:46:     at async l (/home/azis/ares/.next/server/chunks/_0g-ydn0._.js:404:83842)
2026-07-28 07:55:46:     at async rJ.handleResponse (/home/azis/ares/node_modules/next/dist/compiled/next-server/app-route-turbo.runtime.prod.js:1:119701)
2026-07-28 07:55:46:     at async c (/home/azis/ares/.next/server/chunks/_0g-ydn0._.js:404:84883)
2026-07-28 07:55:46:     at async Module.E [as handler] (/home/azis/ares/.next/server/chunks/_0g-ydn0._.js:404:85990)
2026-07-28 07:55:57: [31m[auth][error][0m CredentialsSignin: Read more at https://errors.authjs.dev#credentialssignin
2026-07-28 07:55:57:     at iv (/home/azis/ares/.next/server/chunks/_0g-ydn0._.js:404:40971)
2026-07-28 07:55:57:     at process.processTicksAndRejections (node:internal/process/task_queues:95:5)
2026-07-28 07:55:57:     at async iP (/home/azis/ares/.next/server/chunks/_0g-ydn0._.js:404:50551)
2026-07-28 07:55:57:     at async iU (/home/azis/ares/.next/server/chunks/_0g-ydn0._.js:404:54801)
2026-07-28 07:55:57:     at async rJ.do (/home/azis/ares/node_modules/next/dist/compiled/next-server/app-route-turbo.runtime.prod.js:5:20930)
2026-07-28 07:55:57:     at async rJ.handle (/home/azis/ares/node_modules/next/dist/compiled/next-server/app-route-turbo.runtime.prod.js:5:25785)
2026-07-28 07:55:57:     at async l (/home/azis/ares/.next/server/chunks/_0g-ydn0._.js:404:83842)
2026-07-28 07:55:57:     at async rJ.handleResponse (/home/azis/ares/node_modules/next/dist/compiled/next-server/app-route-turbo.runtime.prod.js:1:119701)
2026-07-28 07:55:57:     at async c (/home/azis/ares/.next/server/chunks/_0g-ydn0._.js:404:84883)
2026-07-28 07:55:57:     at async Module.E [as handler] (/home/azis/ares/.next/server/chunks/_0g-ydn0._.js:404:85990)
2026-07-28 07:56:09: [31m[auth][error][0m CredentialsSignin: Read more at https://errors.authjs.dev#credentialssignin
2026-07-28 07:56:09:     at iv (/home/azis/ares/.next/server/chunks/_0g-ydn0._.js:404:40971)
2026-07-28 07:56:09:     at async iP (/home/azis/ares/.next/server/chunks/_0g-ydn0._.js:404:50551)
2026-07-28 07:56:09:     at async iU (/home/azis/ares/.next/server/chunks/_0g-ydn0._.js:404:54801)
2026-07-28 07:56:09:     at async rJ.do (/home/azis/ares/node_modules/next/dist/compiled/next-server/app-route-turbo.runtime.prod.js:5:20930)
2026-07-28 07:56:09:     at async rJ.handle (/home/azis/ares/node_modules/next/dist/compiled/next-server/app-route-turbo.runtime.prod.js:5:25785)
2026-07-28 07:56:09:     at async l (/home/azis/ares/.next/server/chunks/_0g-ydn0._.js:404:83842)
2026-07-28 07:56:09:     at async rJ.handleResponse (/home/azis/ares/node_modules/next/dist/compiled/next-server/app-route-turbo.runtime.prod.js:1:119701)
2026-07-28 07:56:09:     at async c (/home/azis/ares/.next/server/chunks/_0g-ydn0._.js:404:84883)
2026-07-28 07:56:09:     at async Module.E [as handler] (/home/azis/ares/.next/server/chunks/_0g-ydn0._.js:404:85990)
2026-07-28 07:56:09:     at async NextNodeServer.renderToResponseWithComponentsImpl (/home/azis/ares/node_modules/next/dist/server/base-server.js:1462:9)
2026-07-28 07:59:17: ⨯ Error: UNAUTHORIZED
2026-07-28 07:59:17:     at <unknown> (.next/server/chunks/ssr/[root-of-the-server]__1mfjzxk._.js:1:846)
2026-07-28 07:59:17:     at async j (.next/server/chunks/ssr/[root-of-the-server]__1mfjzxk._.js:1:21682) {
2026-07-28 07:59:17:   digest: '3294025438'
2026-07-28 07:59:17: }
2026-07-28 07:59:18: ⨯ Error: UNAUTHORIZED
2026-07-28 07:59:18:     at <unknown> (.next/server/chunks/ssr/[root-of-the-server]__1mfjzxk._.js:1:846)
2026-07-28 07:59:18:     at async j (.next/server/chunks/ssr/[root-of-the-server]__1mfjzxk._.js:1:21682) {
2026-07-28 07:59:18:   digest: '3294025438'
2026-07-28 07:59:18: }
2026-07-28 07:59:22: ⨯ Error: UNAUTHORIZED
2026-07-28 07:59:22:     at <unknown> (.next/server/chunks/ssr/[root-of-the-server]__1mfjzxk._.js:1:846)
2026-07-28 07:59:22:     at async j (.next/server/chunks/ssr/[root-of-the-server]__1mfjzxk._.js:1:21682) {
2026-07-28 07:59:22:   digest: '3294025438'
2026-07-28 07:59:22: }
2026-07-28 07:59:24: ⨯ Error: UNAUTHORIZED
2026-07-28 07:59:24:     at <unknown> (.next/server/chunks/ssr/[root-of-the-server]__1mfjzxk._.js:1:846)
2026-07-28 07:59:24:     at async j (.next/server/chunks/ssr/[root-of-the-server]__1mfjzxk._.js:1:21682) {
2026-07-28 07:59:24:   digest: '3294025438'
2026-07-28 07:59:24: }
2026-07-28 07:59:25: ⨯ Error: UNAUTHORIZED
2026-07-28 07:59:25:     at <unknown> (.next/server/chunks/ssr/[root-of-the-server]__1mfjzxk._.js:1:846)
2026-07-28 07:59:25:     at async j (.next/server/chunks/ssr/[root-of-the-server]__1mfjzxk._.js:1:21682) {
2026-07-28 07:59:25:   digest: '3294025438'
2026-07-28 07:59:25: }
2026-07-28 07:59:25: ⨯ Error: UNAUTHORIZED
2026-07-28 07:59:26:     at <unknown> (.next/server/chunks/ssr/[root-of-the-server]__1mfjzxk._.js:1:846)
2026-07-28 07:59:26:     at async j (.next/server/chunks/ssr/[root-of-the-server]__1mfjzxk._.js:1:21682) {
2026-07-28 07:59:26:   digest: '3294025438'
2026-07-28 07:59:26: }
2026-07-28 07:59:26: ⨯ Error: UNAUTHORIZED
2026-07-28 07:59:26:     at <unknown> (.next/server/chunks/ssr/[root-of-the-server]__1mfjzxk._.js:1:846)
2026-07-28 07:59:26:     at async j (.next/server/chunks/ssr/[root-of-the-server]__1mfjzxk._.js:1:21682) {
2026-07-28 07:59:26:   digest: '3294025438'
2026-07-28 07:59:26: }
2026-07-28 07:59:26: ⨯ Error: UNAUTHORIZED
2026-07-28 07:59:26:     at <unknown> (.next/server/chunks/ssr/[root-of-the-server]__1mfjzxk._.js:1:846)
2026-07-28 07:59:26:     at async j (.next/server/chunks/ssr/[root-of-the-server]__1mfjzxk._.js:1:21682) {
2026-07-28 07:59:26:   digest: '3294025438'
2026-07-28 07:59:26: }
2026-07-28 07:59:26: ⨯ Error: UNAUTHORIZED
2026-07-28 07:59:26:     at <unknown> (.next/server/chunks/ssr/[root-of-the-server]__1mfjzxk._.js:1:846)
2026-07-28 07:59:26:     at async j (.next/server/chunks/ssr/[root-of-the-server]__1mfjzxk._.js:1:21682) {
2026-07-28 07:59:26:   digest: '3294025438'
2026-07-28 07:59:26: }
2026-07-28 07:59:27: ⨯ Error: UNAUTHORIZED
2026-07-28 07:59:27:     at <unknown> (.next/server/chunks/ssr/[root-of-the-server]__1mfjzxk._.js:1:846)
2026-07-28 07:59:27:     at async j (.next/server/chunks/ssr/[root-of-the-server]__1mfjzxk._.js:1:21682) {
2026-07-28 07:59:27:   digest: '3294025438'
2026-07-28 07:59:27: }
2026-07-28 07:59:28: ⨯ Error: UNAUTHORIZED
2026-07-28 07:59:28:     at <unknown> (.next/server/chunks/ssr/[root-of-the-server]__1mfjzxk._.js:1:846)
2026-07-28 07:59:28:     at async j (.next/server/chunks/ssr/[root-of-the-server]__1mfjzxk._.js:1:21682) {
2026-07-28 07:59:28:   digest: '3294025438'
2026-07-28 07:59:28: }
2026-07-28 07:59:28: ⨯ Error: UNAUTHORIZED
2026-07-28 07:59:28:     at <unknown> (.next/server/chunks/ssr/[root-of-the-server]__1mfjzxk._.js:1:846)
2026-07-28 07:59:28:     at async j (.next/server/chunks/ssr/[root-of-the-server]__1mfjzxk._.js:1:21682) {
2026-07-28 07:59:28:   digest: '3294025438'
2026-07-28 07:59:28: }
2026-07-28 07:59:29: ⨯ Error: UNAUTHORIZED
2026-07-28 07:59:29:     at <unknown> (.next/server/chunks/ssr/[root-of-the-server]__1mfjzxk._.js:1:846)
2026-07-28 07:59:29:     at async j (.next/server/chunks/ssr/[root-of-the-server]__1mfjzxk._.js:1:21682) {
2026-07-28 07:59:29:   digest: '3294025438'
2026-07-28 07:59:29: }
2026-07-28 07:59:29: ⨯ Error: UNAUTHORIZED
2026-07-28 07:59:29:     at <unknown> (.next/server/chunks/ssr/[root-of-the-server]__1mfjzxk._.js:1:846)
2026-07-28 07:59:29:     at async j (.next/server/chunks/ssr/[root-of-the-server]__1mfjzxk._.js:1:21682) {
2026-07-28 07:59:29:   digest: '3294025438'
2026-07-28 07:59:29: }
2026-07-28 07:59:29: ⨯ Error: UNAUTHORIZED
2026-07-28 07:59:29:     at <unknown> (.next/server/chunks/ssr/[root-of-the-server]__1mfjzxk._.js:1:846)
2026-07-28 07:59:29:     at async j (.next/server/chunks/ssr/[root-of-the-server]__1mfjzxk._.js:1:21682) {
2026-07-28 07:59:29:   digest: '3294025438'
2026-07-28 07:59:29: }
2026-07-28 07:59:30: ⨯ Error: UNAUTHORIZED
2026-07-28 07:59:30:     at <unknown> (.next/server/chunks/ssr/[root-of-the-server]__1mfjzxk._.js:1:846)
2026-07-28 07:59:30:     at async j (.next/server/chunks/ssr/[root-of-the-server]__1mfjzxk._.js:1:21682) {
2026-07-28 07:59:30:   digest: '3294025438'
2026-07-28 07:59:30: }
2026-07-28 07:59:30: ⨯ Error: UNAUTHORIZED
2026-07-28 07:59:30:     at <unknown> (.next/server/chunks/ssr/[root-of-the-server]__1mfjzxk._.js:1:846)
2026-07-28 07:59:30:     at async j (.next/server/chunks/ssr/[root-of-the-server]__1mfjzxk._.js:1:21682) {
2026-07-28 07:59:30:   digest: '3294025438'
2026-07-28 07:59:30: }
2026-07-28 07:59:31: ⨯ Error: UNAUTHORIZED
2026-07-28 07:59:31:     at <unknown> (.next/server/chunks/ssr/[root-of-the-server]__1mfjzxk._.js:1:846) {
2026-07-28 07:59:31:   digest: '508995551'
2026-07-28 07:59:31: }
2026-07-28 07:59:32: ⨯ Error: UNAUTHORIZED
2026-07-28 07:59:32:     at <unknown> (.next/server/chunks/ssr/[root-of-the-server]__1mfjzxk._.js:1:846)
2026-07-28 07:59:32:     at async j (.next/server/chunks/ssr/[root-of-the-server]__1mfjzxk._.js:1:21682) {
2026-07-28 07:59:32:   digest: '3294025438'
2026-07-28 07:59:32: }
2026-07-28 07:59:32: ⨯ Error: UNAUTHORIZED
2026-07-28 07:59:32:     at <unknown> (.next/server/chunks/ssr/[root-of-the-server]__1mfjzxk._.js:1:846)
2026-07-28 07:59:32:     at async j (.next/server/chunks/ssr/[root-of-the-server]__1mfjzxk._.js:1:21682) {
2026-07-28 07:59:32:   digest: '3294025438'
2026-07-28 07:59:32: }
2026-07-28 07:59:33: ⨯ Error: UNAUTHORIZED
2026-07-28 07:59:33:     at <unknown> (.next/server/chunks/ssr/[root-of-the-server]__1mfjzxk._.js:1:846)
2026-07-28 07:59:33:     at async j (.next/server/chunks/ssr/[root-of-the-server]__1mfjzxk._.js:1:21682) {
2026-07-28 07:59:33:   digest: '3294025438'
2026-07-28 07:59:33: }
2026-07-28 07:59:34: ⨯ Error: UNAUTHORIZED
2026-07-28 07:59:34:     at <unknown> (.next/server/chunks/ssr/[root-of-the-server]__1mfjzxk._.js:1:846)
2026-07-28 07:59:34:     at async j (.next/server/chunks/ssr/[root-of-the-server]__1mfjzxk._.js:1:21682) {
2026-07-28 07:59:34:   digest: '3294025438'
2026-07-28 07:59:34: }
2026-07-28 07:59:34: ⨯ Error: UNAUTHORIZED
2026-07-28 07:59:34:     at <unknown> (.next/server/chunks/ssr/[root-of-the-server]__1mfjzxk._.js:1:846)
2026-07-28 07:59:34:     at async j (.next/server/chunks/ssr/[root-of-the-server]__1mfjzxk._.js:1:21682) {
2026-07-28 07:59:34:   digest: '3294025438'
2026-07-28 07:59:34: }
2026-07-28 08:08:59: ⨯ Error: UNAUTHORIZED
2026-07-28 08:08:59:     at <unknown> (.next/server/chunks/ssr/[root-of-the-server]__1mfjzxk._.js:1:846)
2026-07-28 08:08:59:     at async j (.next/server/chunks/ssr/[root-of-the-server]__1mfjzxk._.js:1:21682) {
2026-07-28 08:08:59:   digest: '3294025438'
2026-07-28 08:08:59: }
2026-07-28 08:09:02: ⨯ Error: UNAUTHORIZED
2026-07-28 08:09:02:     at <unknown> (.next/server/chunks/ssr/[root-of-the-server]__1mfjzxk._.js:1:846)
2026-07-28 08:09:02:     at async j (.next/server/chunks/ssr/[root-of-the-server]__1mfjzxk._.js:1:21682) {
2026-07-28 08:09:02:   digest: '3294025438'
2026-07-28 08:09:02: }
2026-07-28 08:09:03: ⨯ Error: UNAUTHORIZED
2026-07-28 08:09:03:     at <unknown> (.next/server/chunks/ssr/[root-of-the-server]__1mfjzxk._.js:1:846)
2026-07-28 08:09:03:     at async j (.next/server/chunks/ssr/[root-of-the-server]__1mfjzxk._.js:1:21682) {
2026-07-28 08:09:03:   digest: '3294025438'
2026-07-28 08:09:03: }
2026-07-28 08:11:28: ⨯ Error: UNAUTHORIZED
2026-07-28 08:11:28:     at <unknown> (.next/server/chunks/ssr/[root-of-the-server]__0ypxldg._.js:1:1151)
2026-07-28 08:11:28:     at async j (.next/server/chunks/ssr/[root-of-the-server]__0ypxldg._.js:1:21987) {
2026-07-28 08:11:28:   digest: '2066574986'
2026-07-28 08:11:28: }
2026-07-28 08:11:33: ⨯ Error: UNAUTHORIZED
2026-07-28 08:11:33:     at <unknown> (.next/server/chunks/ssr/[root-of-the-server]__0ypxldg._.js:1:1151)
2026-07-28 08:11:33:     at async j (.next/server/chunks/ssr/[root-of-the-server]__0ypxldg._.js:1:21987) {
2026-07-28 08:11:33:   digest: '2066574986'
2026-07-28 08:11:33: }
2026-07-28 08:11:35: ⨯ Error: UNAUTHORIZED
2026-07-28 08:11:35:     at <unknown> (.next/server/chunks/ssr/[root-of-the-server]__0ypxldg._.js:1:1151)
2026-07-28 08:11:35:     at async j (.next/server/chunks/ssr/[root-of-the-server]__0ypxldg._.js:1:21987) {
2026-07-28 08:11:35:   digest: '2066574986'
2026-07-28 08:11:35: }
2026-07-28 08:11:44: ⨯ Error: UNAUTHORIZED
2026-07-28 08:11:44:     at <unknown> (.next/server/chunks/ssr/[root-of-the-server]__0ypxldg._.js:1:1151)
2026-07-28 08:11:44:     at async j (.next/server/chunks/ssr/[root-of-the-server]__0ypxldg._.js:1:21987) {
2026-07-28 08:11:44:   digest: '2066574986'
2026-07-28 08:11:44: }
2026-07-28 08:11:45: ⨯ Error: UNAUTHORIZED
2026-07-28 08:11:45:     at <unknown> (.next/server/chunks/ssr/[root-of-the-server]__0ypxldg._.js:1:1151)
2026-07-28 08:11:45:     at async j (.next/server/chunks/ssr/[root-of-the-server]__0ypxldg._.js:1:21987) {
2026-07-28 08:11:45:   digest: '2066574986'
2026-07-28 08:11:45: }
2026-07-28 08:11:46: ⨯ Error: UNAUTHORIZED
2026-07-28 08:11:46:     at <unknown> (.next/server/chunks/ssr/[root-of-the-server]__0ypxldg._.js:1:1151)
2026-07-28 08:11:46:     at async j (.next/server/chunks/ssr/[root-of-the-server]__0ypxldg._.js:1:21987) {
2026-07-28 08:11:46:   digest: '2066574986'
2026-07-28 08:11:46: }
2026-07-28 08:11:46: ⨯ Error: UNAUTHORIZED
2026-07-28 08:11:46:     at <unknown> (.next/server/chunks/ssr/[root-of-the-server]__0ypxldg._.js:1:1151)
2026-07-28 08:11:46:     at async j (.next/server/chunks/ssr/[root-of-the-server]__0ypxldg._.js:1:21987) {
2026-07-28 08:11:46:   digest: '2066574986'
2026-07-28 08:11:46: }
2026-07-28 08:11:47: ⨯ Error: UNAUTHORIZED
2026-07-28 08:11:47:     at <unknown> (.next/server/chunks/ssr/[root-of-the-server]__0ypxldg._.js:1:1151)
2026-07-28 08:11:47:     at async j (.next/server/chunks/ssr/[root-of-the-server]__0ypxldg._.js:1:21987) {
2026-07-28 08:11:47:   digest: '2066574986'
2026-07-28 08:11:47: }
2026-07-28 08:11:58: ⨯ Error: UNAUTHORIZED
2026-07-28 08:11:58:     at <unknown> (.next/server/chunks/ssr/[root-of-the-server]__0ypxldg._.js:1:1151)
2026-07-28 08:11:58:     at async j (.next/server/chunks/ssr/[root-of-the-server]__0ypxldg._.js:1:21987) {
2026-07-28 08:11:58:   digest: '2066574986'
2026-07-28 08:11:58: }
2026-07-28 08:12:04: ⨯ Error: UNAUTHORIZED
2026-07-28 08:12:04:     at <unknown> (.next/server/chunks/ssr/[root-of-the-server]__0ypxldg._.js:1:1151)
2026-07-28 08:12:04:     at async j (.next/server/chunks/ssr/[root-of-the-server]__0ypxldg._.js:1:21987) {
2026-07-28 08:12:04:   digest: '2066574986'
2026-07-28 08:12:04: }
2026-07-28 08:12:08: ⨯ Error: UNAUTHORIZED
2026-07-28 08:12:08:     at <unknown> (.next/server/chunks/ssr/[root-of-the-server]__0ypxldg._.js:1:1151)
2026-07-28 08:12:08:     at async j (.next/server/chunks/ssr/[root-of-the-server]__0ypxldg._.js:1:21987) {
2026-07-28 08:12:08:   digest: '2066574986'
2026-07-28 08:12:08: }
2026-07-29 06:06:29: [31m[auth][error][0m CredentialsSignin: Read more at https://errors.authjs.dev#credentialssignin
2026-07-29 06:06:29:     at iv (/home/azis/ares/.next/server/chunks/_0g-ydn0._.js:404:40971)
2026-07-29 06:06:29:     at process.processTicksAndRejections (node:internal/process/task_queues:95:5)
2026-07-29 06:06:29:     at async iP (/home/azis/ares/.next/server/chunks/_0g-ydn0._.js:404:50551)
2026-07-29 06:06:29:     at async iU (/home/azis/ares/.next/server/chunks/_0g-ydn0._.js:404:54801)
2026-07-29 06:06:29:     at async rJ.do (/home/azis/ares/node_modules/next/dist/compiled/next-server/app-route-turbo.runtime.prod.js:5:20930)
2026-07-29 06:06:29:     at async rJ.handle (/home/azis/ares/node_modules/next/dist/compiled/next-server/app-route-turbo.runtime.prod.js:5:25785)
2026-07-29 06:06:29:     at async l (/home/azis/ares/.next/server/chunks/_0g-ydn0._.js:404:83842)
2026-07-29 06:06:29:     at async rJ.handleResponse (/home/azis/ares/node_modules/next/dist/compiled/next-server/app-route-turbo.runtime.prod.js:1:119701)
2026-07-29 06:06:29:     at async c (/home/azis/ares/.next/server/chunks/_0g-ydn0._.js:404:84883)
2026-07-29 06:06:29:     at async Module.E [as handler] (/home/azis/ares/.next/server/chunks/_0g-ydn0._.js:404:85990)
2026-07-29 06:06:30: [31m[auth][error][0m CredentialsSignin: Read more at https://errors.authjs.dev#credentialssignin
2026-07-29 06:06:30:     at iv (/home/azis/ares/.next/server/chunks/_0g-ydn0._.js:404:40971)
2026-07-29 06:06:30:     at process.processTicksAndRejections (node:internal/process/task_queues:95:5)
2026-07-29 06:06:30:     at async iP (/home/azis/ares/.next/server/chunks/_0g-ydn0._.js:404:50551)
2026-07-29 06:06:30:     at async iU (/home/azis/ares/.next/server/chunks/_0g-ydn0._.js:404:54801)
2026-07-29 06:06:30:     at async rJ.do (/home/azis/ares/node_modules/next/dist/compiled/next-server/app-route-turbo.runtime.prod.js:5:20930)
2026-07-29 06:06:30:     at async rJ.handle (/home/azis/ares/node_modules/next/dist/compiled/next-server/app-route-turbo.runtime.prod.js:5:25785)
2026-07-29 06:06:30:     at async l (/home/azis/ares/.next/server/chunks/_0g-ydn0._.js:404:83842)
2026-07-29 06:06:30:     at async rJ.handleResponse (/home/azis/ares/node_modules/next/dist/compiled/next-server/app-route-turbo.runtime.prod.js:1:119701)
2026-07-29 06:06:30:     at async c (/home/azis/ares/.next/server/chunks/_0g-ydn0._.js:404:84883)
2026-07-29 06:06:30:     at async Module.E [as handler] (/home/azis/ares/.next/server/chunks/_0g-ydn0._.js:404:85990)
2026-07-29 06:06:31: [31m[auth][error][0m CredentialsSignin: Read more at https://errors.authjs.dev#credentialssignin
2026-07-29 06:06:31:     at iv (/home/azis/ares/.next/server/chunks/_0g-ydn0._.js:404:40971)
2026-07-29 06:06:31:     at process.processTicksAndRejections (node:internal/process/task_queues:95:5)
2026-07-29 06:06:31:     at async iP (/home/azis/ares/.next/server/chunks/_0g-ydn0._.js:404:50551)
2026-07-29 06:06:31:     at async iU (/home/azis/ares/.next/server/chunks/_0g-ydn0._.js:404:54801)
2026-07-29 06:06:31:     at async rJ.do (/home/azis/ares/node_modules/next/dist/compiled/next-server/app-route-turbo.runtime.prod.js:5:20930)
2026-07-29 06:06:31:     at async rJ.handle (/home/azis/ares/node_modules/next/dist/compiled/next-server/app-route-turbo.runtime.prod.js:5:25785)
2026-07-29 06:06:31:     at async l (/home/azis/ares/.next/server/chunks/_0g-ydn0._.js:404:83842)
2026-07-29 06:06:31:     at async rJ.handleResponse (/home/azis/ares/node_modules/next/dist/compiled/next-server/app-route-turbo.runtime.prod.js:1:119701)
2026-07-29 06:06:31:     at async c (/home/azis/ares/.next/server/chunks/_0g-ydn0._.js:404:84883)
2026-07-29 06:06:31:     at async Module.E [as handler] (/home/azis/ares/.next/server/chunks/_0g-ydn0._.js:404:85990)
2026-07-29 06:06:54: [31m[auth][error][0m CredentialsSignin: Read more at https://errors.authjs.dev#credentialssignin
2026-07-29 06:06:54:     at iv (/home/azis/ares/.next/server/chunks/_0g-ydn0._.js:404:40971)
2026-07-29 06:06:54:     at process.processTicksAndRejections (node:internal/process/task_queues:95:5)
2026-07-29 06:06:54:     at async iP (/home/azis/ares/.next/server/chunks/_0g-ydn0._.js:404:50551)
2026-07-29 06:06:54:     at async iU (/home/azis/ares/.next/server/chunks/_0g-ydn0._.js:404:54801)
2026-07-29 06:06:54:     at async rJ.do (/home/azis/ares/node_modules/next/dist/compiled/next-server/app-route-turbo.runtime.prod.js:5:20930)
2026-07-29 06:06:54:     at async rJ.handle (/home/azis/ares/node_modules/next/dist/compiled/next-server/app-route-turbo.runtime.prod.js:5:25785)
2026-07-29 06:06:54:     at async l (/home/azis/ares/.next/server/chunks/_0g-ydn0._.js:404:83842)
2026-07-29 06:06:54:     at async rJ.handleResponse (/home/azis/ares/node_modules/next/dist/compiled/next-server/app-route-turbo.runtime.prod.js:1:119701)
2026-07-29 06:06:54:     at async c (/home/azis/ares/.next/server/chunks/_0g-ydn0._.js:404:84883)
2026-07-29 06:06:54:     at async Module.E [as handler] (/home/azis/ares/.next/server/chunks/_0g-ydn0._.js:404:85990)
2026-07-29 06:06:55: [31m[auth][error][0m CredentialsSignin: Read more at https://errors.authjs.dev#credentialssignin
2026-07-29 06:06:55:     at iv (/home/azis/ares/.next/server/chunks/_0g-ydn0._.js:404:40971)
2026-07-29 06:06:55:     at process.processTicksAndRejections (node:internal/process/task_queues:95:5)
2026-07-29 06:06:55:     at async iP (/home/azis/ares/.next/server/chunks/_0g-ydn0._.js:404:50551)
2026-07-29 06:06:55:     at async iU (/home/azis/ares/.next/server/chunks/_0g-ydn0._.js:404:54801)
2026-07-29 06:06:55:     at async rJ.do (/home/azis/ares/node_modules/next/dist/compiled/next-server/app-route-turbo.runtime.prod.js:5:20930)
2026-07-29 06:06:55:     at async rJ.handle (/home/azis/ares/node_modules/next/dist/compiled/next-server/app-route-turbo.runtime.prod.js:5:25785)
2026-07-29 06:06:55:     at async l (/home/azis/ares/.next/server/chunks/_0g-ydn0._.js:404:83842)
2026-07-29 06:06:55:     at async rJ.handleResponse (/home/azis/ares/node_modules/next/dist/compiled/next-server/app-route-turbo.runtime.prod.js:1:119701)
2026-07-29 06:06:55:     at async c (/home/azis/ares/.next/server/chunks/_0g-ydn0._.js:404:84883)
2026-07-29 06:06:55:     at async Module.E [as handler] (/home/azis/ares/.next/server/chunks/_0g-ydn0._.js:404:85990)
2026-07-29 06:06:55: [31m[auth][error][0m CredentialsSignin: Read more at https://errors.authjs.dev#credentialssignin
2026-07-29 06:06:55:     at iv (/home/azis/ares/.next/server/chunks/_0g-ydn0._.js:404:40971)
2026-07-29 06:06:55:     at process.processTicksAndRejections (node:internal/process/task_queues:95:5)
2026-07-29 06:06:55:     at async iP (/home/azis/ares/.next/server/chunks/_0g-ydn0._.js:404:50551)
2026-07-29 06:06:55:     at async iU (/home/azis/ares/.next/server/chunks/_0g-ydn0._.js:404:54801)
2026-07-29 06:06:55:     at async rJ.do (/home/azis/ares/node_modules/next/dist/compiled/next-server/app-route-turbo.runtime.prod.js:5:20930)
2026-07-29 06:06:55:     at async rJ.handle (/home/azis/ares/node_modules/next/dist/compiled/next-server/app-route-turbo.runtime.prod.js:5:25785)
2026-07-29 06:06:55:     at async l (/home/azis/ares/.next/server/chunks/_0g-ydn0._.js:404:83842)
2026-07-29 06:06:55:     at async rJ.handleResponse (/home/azis/ares/node_modules/next/dist/compiled/next-server/app-route-turbo.runtime.prod.js:1:119701)
2026-07-29 06:06:55:     at async c (/home/azis/ares/.next/server/chunks/_0g-ydn0._.js:404:84883)
2026-07-29 06:06:55:     at async Module.E [as handler] (/home/azis/ares/.next/server/chunks/_0g-ydn0._.js:404:85990)
2026-07-29 06:06:55: [31m[auth][error][0m CredentialsSignin: Read more at https://errors.authjs.dev#credentialssignin
2026-07-29 06:06:55:     at iv (/home/azis/ares/.next/server/chunks/_0g-ydn0._.js:404:40971)
2026-07-29 06:06:55:     at process.processTicksAndRejections (node:internal/process/task_queues:95:5)
2026-07-29 06:06:55:     at async iP (/home/azis/ares/.next/server/chunks/_0g-ydn0._.js:404:50551)
2026-07-29 06:06:55:     at async iU (/home/azis/ares/.next/server/chunks/_0g-ydn0._.js:404:54801)
2026-07-29 06:06:55:     at async rJ.do (/home/azis/ares/node_modules/next/dist/compiled/next-server/app-route-turbo.runtime.prod.js:5:20930)
2026-07-29 06:06:55:     at async rJ.handle (/home/azis/ares/node_modules/next/dist/compiled/next-server/app-route-turbo.runtime.prod.js:5:25785)
2026-07-29 06:06:55:     at async l (/home/azis/ares/.next/server/chunks/_0g-ydn0._.js:404:83842)
2026-07-29 06:06:55:     at async rJ.handleResponse (/home/azis/ares/node_modules/next/dist/compiled/next-server/app-route-turbo.runtime.prod.js:1:119701)
2026-07-29 06:06:55:     at async c (/home/azis/ares/.next/server/chunks/_0g-ydn0._.js:404:84883)
2026-07-29 06:06:55:     at async Module.E [as handler] (/home/azis/ares/.next/server/chunks/_0g-ydn0._.js:404:85990)
2026-07-29 06:06:55: [31m[auth][error][0m CredentialsSignin: Read more at https://errors.authjs.dev#credentialssignin
2026-07-29 06:06:55:     at iv (/home/azis/ares/.next/server/chunks/_0g-ydn0._.js:404:40971)
2026-07-29 06:06:55:     at process.processTicksAndRejections (node:internal/process/task_queues:95:5)
2026-07-29 06:06:55:     at async iP (/home/azis/ares/.next/server/chunks/_0g-ydn0._.js:404:50551)
2026-07-29 06:06:55:     at async iU (/home/azis/ares/.next/server/chunks/_0g-ydn0._.js:404:54801)
2026-07-29 06:06:55:     at async rJ.do (/home/azis/ares/node_modules/next/dist/compiled/next-server/app-route-turbo.runtime.prod.js:5:20930)
2026-07-29 06:06:55:     at async rJ.handle (/home/azis/ares/node_modules/next/dist/compiled/next-server/app-route-turbo.runtime.prod.js:5:25785)
2026-07-29 06:06:55:     at async l (/home/azis/ares/.next/server/chunks/_0g-ydn0._.js:404:83842)
2026-07-29 06:06:55:     at async rJ.handleResponse (/home/azis/ares/node_modules/next/dist/compiled/next-server/app-route-turbo.runtime.prod.js:1:119701)
2026-07-29 06:06:55:     at async c (/home/azis/ares/.next/server/chunks/_0g-ydn0._.js:404:84883)
2026-07-29 06:06:55:     at async Module.E [as handler] (/home/azis/ares/.next/server/chunks/_0g-ydn0._.js:404:85990)
2026-07-29 06:06:56: [31m[auth][error][0m CredentialsSignin: Read more at https://errors.authjs.dev#credentialssignin
2026-07-29 06:06:56:     at iv (/home/azis/ares/.next/server/chunks/_0g-ydn0._.js:404:40971)
2026-07-29 06:06:56:     at process.processTicksAndRejections (node:internal/process/task_queues:95:5)
2026-07-29 06:06:56:     at async iP (/home/azis/ares/.next/server/chunks/_0g-ydn0._.js:404:50551)
2026-07-29 06:06:56:     at async iU (/home/azis/ares/.next/server/chunks/_0g-ydn0._.js:404:54801)
2026-07-29 06:06:56:     at async rJ.do (/home/azis/ares/node_modules/next/dist/compiled/next-server/app-route-turbo.runtime.prod.js:5:20930)
2026-07-29 06:06:56:     at async rJ.handle (/home/azis/ares/node_modules/next/dist/compiled/next-server/app-route-turbo.runtime.prod.js:5:25785)
2026-07-29 06:06:56:     at async l (/home/azis/ares/.next/server/chunks/_0g-ydn0._.js:404:83842)
2026-07-29 06:06:56:     at async rJ.handleResponse (/home/azis/ares/node_modules/next/dist/compiled/next-server/app-route-turbo.runtime.prod.js:1:119701)
2026-07-29 06:06:56:     at async c (/home/azis/ares/.next/server/chunks/_0g-ydn0._.js:404:84883)
2026-07-29 06:06:56:     at async Module.E [as handler] (/home/azis/ares/.next/server/chunks/_0g-ydn0._.js:404:85990)
2026-07-29 06:06:56: [31m[auth][error][0m CredentialsSignin: Read more at https://errors.authjs.dev#credentialssignin
2026-07-29 06:06:56:     at iv (/home/azis/ares/.next/server/chunks/_0g-ydn0._.js:404:40971)
2026-07-29 06:06:56:     at process.processTicksAndRejections (node:internal/process/task_queues:95:5)
2026-07-29 06:06:56:     at async iP (/home/azis/ares/.next/server/chunks/_0g-ydn0._.js:404:50551)
2026-07-29 06:06:56:     at async iU (/home/azis/ares/.next/server/chunks/_0g-ydn0._.js:404:54801)
2026-07-29 06:06:56:     at async rJ.do (/home/azis/ares/node_modules/next/dist/compiled/next-server/app-route-turbo.runtime.prod.js:5:20930)
2026-07-29 06:06:56:     at async rJ.handle (/home/azis/ares/node_modules/next/dist/compiled/next-server/app-route-turbo.runtime.prod.js:5:25785)
2026-07-29 06:06:56:     at async l (/home/azis/ares/.next/server/chunks/_0g-ydn0._.js:404:83842)
2026-07-29 06:06:56:     at async rJ.handleResponse (/home/azis/ares/node_modules/next/dist/compiled/next-server/app-route-turbo.runtime.prod.js:1:119701)
2026-07-29 06:06:56:     at async c (/home/azis/ares/.next/server/chunks/_0g-ydn0._.js:404:84883)
2026-07-29 06:06:56:     at async Module.E [as handler] (/home/azis/ares/.next/server/chunks/_0g-ydn0._.js:404:85990)
2026-07-29 06:06:56: [31m[auth][error][0m CredentialsSignin: Read more at https://errors.authjs.dev#credentialssignin
2026-07-29 06:06:56:     at iv (/home/azis/ares/.next/server/chunks/_0g-ydn0._.js:404:40971)
2026-07-29 06:06:56:     at process.processTicksAndRejections (node:internal/process/task_queues:95:5)
2026-07-29 06:06:56:     at async iP (/home/azis/ares/.next/server/chunks/_0g-ydn0._.js:404:50551)
2026-07-29 06:06:56:     at async iU (/home/azis/ares/.next/server/chunks/_0g-ydn0._.js:404:54801)
2026-07-29 06:06:56:     at async rJ.do (/home/azis/ares/node_modules/next/dist/compiled/next-server/app-route-turbo.runtime.prod.js:5:20930)
2026-07-29 06:06:56:     at async rJ.handle (/home/azis/ares/node_modules/next/dist/compiled/next-server/app-route-turbo.runtime.prod.js:5:25785)
2026-07-29 06:06:56:     at async l (/home/azis/ares/.next/server/chunks/_0g-ydn0._.js:404:83842)
2026-07-29 06:06:56:     at async rJ.handleResponse (/home/azis/ares/node_modules/next/dist/compiled/next-server/app-route-turbo.runtime.prod.js:1:119701)
2026-07-29 06:06:56:     at async c (/home/azis/ares/.next/server/chunks/_0g-ydn0._.js:404:84883)
2026-07-29 06:06:56:     at async Module.E [as handler] (/home/azis/ares/.next/server/chunks/_0g-ydn0._.js:404:85990)
2026-07-29 06:06:56: [31m[auth][error][0m CredentialsSignin: Read more at https://errors.authjs.dev#credentialssignin
2026-07-29 06:06:56:     at iv (/home/azis/ares/.next/server/chunks/_0g-ydn0._.js:404:40971)
2026-07-29 06:06:56:     at process.processTicksAndRejections (node:internal/process/task_queues:95:5)
2026-07-29 06:06:56:     at async iP (/home/azis/ares/.next/server/chunks/_0g-ydn0._.js:404:50551)
2026-07-29 06:06:56:     at async iU (/home/azis/ares/.next/server/chunks/_0g-ydn0._.js:404:54801)
2026-07-29 06:06:56:     at async rJ.do (/home/azis/ares/node_modules/next/dist/compiled/next-server/app-route-turbo.runtime.prod.js:5:20930)
2026-07-29 06:06:56:     at async rJ.handle (/home/azis/ares/node_modules/next/dist/compiled/next-server/app-route-turbo.runtime.prod.js:5:25785)
2026-07-29 06:06:56:     at async l (/home/azis/ares/.next/server/chunks/_0g-ydn0._.js:404:83842)
2026-07-29 06:06:56:     at async rJ.handleResponse (/home/azis/ares/node_modules/next/dist/compiled/next-server/app-route-turbo.runtime.prod.js:1:119701)
2026-07-29 06:06:56:     at async c (/home/azis/ares/.next/server/chunks/_0g-ydn0._.js:404:84883)
2026-07-29 06:06:56:     at async Module.E [as handler] (/home/azis/ares/.next/server/chunks/_0g-ydn0._.js:404:85990)
2026-07-29 06:06:56: [31m[auth][error][0m CredentialsSignin: Read more at https://errors.authjs.dev#credentialssignin
2026-07-29 06:06:56:     at iv (/home/azis/ares/.next/server/chunks/_0g-ydn0._.js:404:40971)
2026-07-29 06:06:56:     at process.processTicksAndRejections (node:internal/process/task_queues:95:5)
2026-07-29 06:06:56:     at async iP (/home/azis/ares/.next/server/chunks/_0g-ydn0._.js:404:50551)
2026-07-29 06:06:56:     at async iU (/home/azis/ares/.next/server/chunks/_0g-ydn0._.js:404:54801)
2026-07-29 06:06:56:     at async rJ.do (/home/azis/ares/node_modules/next/dist/compiled/next-server/app-route-turbo.runtime.prod.js:5:20930)
2026-07-29 06:06:56:     at async rJ.handle (/home/azis/ares/node_modules/next/dist/compiled/next-server/app-route-turbo.runtime.prod.js:5:25785)
2026-07-29 06:06:56:     at async l (/home/azis/ares/.next/server/chunks/_0g-ydn0._.js:404:83842)
2026-07-29 06:06:56:     at async rJ.handleResponse (/home/azis/ares/node_modules/next/dist/compiled/next-server/app-route-turbo.runtime.prod.js:1:119701)
2026-07-29 06:06:56:     at async c (/home/azis/ares/.next/server/chunks/_0g-ydn0._.js:404:84883)
2026-07-29 06:06:56:     at async Module.E [as handler] (/home/azis/ares/.next/server/chunks/_0g-ydn0._.js:404:85990)
2026-07-29 06:06:57: [31m[auth][error][0m CredentialsSignin: Read more at https://errors.authjs.dev#credentialssignin
2026-07-29 06:06:57:     at iv (/home/azis/ares/.next/server/chunks/_0g-ydn0._.js:404:40971)
2026-07-29 06:06:57:     at process.processTicksAndRejections (node:internal/process/task_queues:95:5)
2026-07-29 06:06:57:     at async iP (/home/azis/ares/.next/server/chunks/_0g-ydn0._.js:404:50551)
2026-07-29 06:06:57:     at async iU (/home/azis/ares/.next/server/chunks/_0g-ydn0._.js:404:54801)
2026-07-29 06:06:57:     at async rJ.do (/home/azis/ares/node_modules/next/dist/compiled/next-server/app-route-turbo.runtime.prod.js:5:20930)
2026-07-29 06:06:57:     at async rJ.handle (/home/azis/ares/node_modules/next/dist/compiled/next-server/app-route-turbo.runtime.prod.js:5:25785)
2026-07-29 06:06:57:     at async l (/home/azis/ares/.next/server/chunks/_0g-ydn0._.js:404:83842)
2026-07-29 06:06:57:     at async rJ.handleResponse (/home/azis/ares/node_modules/next/dist/compiled/next-server/app-route-turbo.runtime.prod.js:1:119701)
2026-07-29 06:06:57:     at async c (/home/azis/ares/.next/server/chunks/_0g-ydn0._.js:404:84883)
2026-07-29 06:06:57:     at async Module.E [as handler] (/home/azis/ares/.next/server/chunks/_0g-ydn0._.js:404:85990)
2026-07-29 06:06:57: [31m[auth][error][0m CredentialsSignin: Read more at https://errors.authjs.dev#credentialssignin
2026-07-29 06:06:57:     at iv (/home/azis/ares/.next/server/chunks/_0g-ydn0._.js:404:40971)
2026-07-29 06:06:57:     at process.processTicksAndRejections (node:internal/process/task_queues:95:5)
2026-07-29 06:06:57:     at async iP (/home/azis/ares/.next/server/chunks/_0g-ydn0._.js:404:50551)
2026-07-29 06:06:57:     at async iU (/home/azis/ares/.next/server/chunks/_0g-ydn0._.js:404:54801)
2026-07-29 06:06:57:     at async rJ.do (/home/azis/ares/node_modules/next/dist/compiled/next-server/app-route-turbo.runtime.prod.js:5:20930)
2026-07-29 06:06:57:     at async rJ.handle (/home/azis/ares/node_modules/next/dist/compiled/next-server/app-route-turbo.runtime.prod.js:5:25785)
2026-07-29 06:06:57:     at async l (/home/azis/ares/.next/server/chunks/_0g-ydn0._.js:404:83842)
2026-07-29 06:06:57:     at async rJ.handleResponse (/home/azis/ares/node_modules/next/dist/compiled/next-server/app-route-turbo.runtime.prod.js:1:119701)
2026-07-29 06:06:57:     at async c (/home/azis/ares/.next/server/chunks/_0g-ydn0._.js:404:84883)
2026-07-29 06:06:57:     at async Module.E [as handler] (/home/azis/ares/.next/server/chunks/_0g-ydn0._.js:404:85990)
2026-07-29 08:00:03: [31m[auth][error][0m UntrustedHost: Host must be trusted. URL was: https://archive.smktibazma.sch.id/api/auth/session. Read more at https://errors.authjs.dev#untrustedhost
2026-07-29 08:00:03:     at /home/azis/ares/.next/server/edge/chunks/[root-of-the-server]__0-6e10c._.js:412:51495
2026-07-29 08:00:03:     at cv (/home/azis/ares/.next/server/edge/chunks/[root-of-the-server]__0-6e10c._.js:412:54190)
2026-07-29 08:00:03:     at process.processTicksAndRejections (node:internal/process/task_queues:95:5)
2026-07-29 08:00:04: [31m[auth][error][0m UntrustedHost: Host must be trusted. URL was: https://archive.smktibazma.sch.id/api/auth/session. Read more at https://errors.authjs.dev#untrustedhost
2026-07-29 08:00:04:     at /home/azis/ares/.next/server/edge/chunks/[root-of-the-server]__0-6e10c._.js:412:51495
2026-07-29 08:00:04:     at cv (/home/azis/ares/.next/server/edge/chunks/[root-of-the-server]__0-6e10c._.js:412:54190)
2026-07-29 08:00:04:     at process.processTicksAndRejections (node:internal/process/task_queues:95:5)
2026-07-29 08:00:05: [31m[auth][error][0m UntrustedHost: Host must be trusted. URL was: https://archive.smktibazma.sch.id/api/auth/session. Read more at https://errors.authjs.dev#untrustedhost
2026-07-29 08:00:05:     at /home/azis/ares/.next/server/edge/chunks/[root-of-the-server]__0-6e10c._.js:412:51495
2026-07-29 08:00:05:     at cv (/home/azis/ares/.next/server/edge/chunks/[root-of-the-server]__0-6e10c._.js:412:54190)
2026-07-29 08:00:24: [31m[auth][error][0m UntrustedHost: Host must be trusted. URL was: http://10.255.255.25:3000/api/auth/session. Read more at https://errors.authjs.dev#untrustedhost
2026-07-29 08:00:24:     at /home/azis/ares/.next/server/edge/chunks/[root-of-the-server]__0-6e10c._.js:412:51495
2026-07-29 08:00:24:     at cv (/home/azis/ares/.next/server/edge/chunks/[root-of-the-server]__0-6e10c._.js:412:54190)
2026-07-29 08:00:24:     at process.processTicksAndRejections (node:internal/process/task_queues:95:5)
2026-07-29 08:00:24: [31m[auth][error][0m UntrustedHost: Host must be trusted. URL was: http://10.255.255.25:3000/api/auth/session. Read more at https://errors.authjs.dev#untrustedhost
2026-07-29 08:00:24:     at /home/azis/ares/.next/server/edge/chunks/[root-of-the-server]__0-6e10c._.js:412:51495
2026-07-29 08:00:24:     at cv (/home/azis/ares/.next/server/edge/chunks/[root-of-the-server]__0-6e10c._.js:412:54190)
2026-07-29 08:00:24:     at process.processTicksAndRejections (node:internal/process/task_queues:95:5)
2026-07-29 08:00:24: ⨯ Error: UNAUTHORIZED
2026-07-29 08:00:24:     at <unknown> (.next/server/chunks/ssr/[root-of-the-server]__0ypxldg._.js:1:970)
2026-07-29 08:00:24:     at async j (.next/server/chunks/ssr/[root-of-the-server]__0ypxldg._.js:1:21987) {
2026-07-29 08:00:24:   digest: '1598391174'
2026-07-29 08:00:24: }
2026-07-29 08:00:27: [31m[auth][error][0m UntrustedHost: Host must be trusted. URL was: https://archive.smktibazma.sch.id/api/auth/session. Read more at https://errors.authjs.dev#untrustedhost
2026-07-29 08:00:27:     at /home/azis/ares/.next/server/edge/chunks/[root-of-the-server]__0-6e10c._.js:412:51495
2026-07-29 08:00:27:     at cv (/home/azis/ares/.next/server/edge/chunks/[root-of-the-server]__0-6e10c._.js:412:54190)
2026-07-29 08:00:27:     at process.processTicksAndRejections (node:internal/process/task_queues:95:5)
2026-07-29 08:00:27: [31m[auth][error][0m UntrustedHost: Host must be trusted. URL was: https://archive.smktibazma.sch.id/api/auth/session. Read more at https://errors.authjs.dev#untrustedhost
2026-07-29 08:00:27:     at /home/azis/ares/.next/server/edge/chunks/[root-of-the-server]__0-6e10c._.js:412:51495
2026-07-29 08:00:27:     at cv (/home/azis/ares/.next/server/edge/chunks/[root-of-the-server]__0-6e10c._.js:412:54190)
2026-07-29 08:00:27:     at process.processTicksAndRejections (node:internal/process/task_queues:95:5)
2026-07-29 08:00:27: ⨯ Error: UNAUTHORIZED
2026-07-29 08:00:27:     at <unknown> (.next/server/chunks/ssr/[root-of-the-server]__0ypxldg._.js:1:970)
2026-07-29 08:00:27:     at async j (.next/server/chunks/ssr/[root-of-the-server]__0ypxldg._.js:1:21987) {
2026-07-29 08:00:27:   digest: '1598391174'
2026-07-29 08:00:27: }
2026-07-29 08:00:33: [31m[auth][error][0m UntrustedHost: Host must be trusted. URL was: https://archive.smktibazma.sch.id/api/auth/session. Read more at https://errors.authjs.dev#untrustedhost
2026-07-29 08:00:33:     at /home/azis/ares/.next/server/edge/chunks/[root-of-the-server]__0-6e10c._.js:412:51495
2026-07-29 08:00:33:     at cv (/home/azis/ares/.next/server/edge/chunks/[root-of-the-server]__0-6e10c._.js:412:54190)
2026-07-29 08:00:33:     at process.processTicksAndRejections (node:internal/process/task_queues:95:5)
2026-07-29 08:00:33: [31m[auth][error][0m UntrustedHost: Host must be trusted. URL was: https://archive.smktibazma.sch.id/api/auth/session. Read more at https://errors.authjs.dev#untrustedhost
2026-07-29 08:00:33:     at /home/azis/ares/.next/server/edge/chunks/[root-of-the-server]__0-6e10c._.js:412:51495
2026-07-29 08:00:33:     at cv (/home/azis/ares/.next/server/edge/chunks/[root-of-the-server]__0-6e10c._.js:412:54190)
2026-07-29 08:00:33:     at process.processTicksAndRejections (node:internal/process/task_queues:95:5)
2026-07-29 08:00:33: ⨯ Error: UNAUTHORIZED
2026-07-29 08:00:33:     at <unknown> (.next/server/chunks/ssr/[root-of-the-server]__0ypxldg._.js:1:970)
2026-07-29 08:00:33:     at async j (.next/server/chunks/ssr/[root-of-the-server]__0ypxldg._.js:1:21987) {
2026-07-29 08:00:33:   digest: '1598391174'
2026-07-29 08:00:33: }
2026-07-29 08:00:38: [31m[auth][error][0m UntrustedHost: Host must be trusted. URL was: https://archive.smktibazma.sch.id/api/auth/session. Read more at https://errors.authjs.dev#untrustedhost
2026-07-29 08:00:38:     at /home/azis/ares/.next/server/edge/chunks/[root-of-the-server]__0-6e10c._.js:412:51495
2026-07-29 08:00:38:     at cv (/home/azis/ares/.next/server/edge/chunks/[root-of-the-server]__0-6e10c._.js:412:54190)
2026-07-29 08:00:38:     at process.processTicksAndRejections (node:internal/process/task_queues:95:5)
2026-07-29 08:00:38: [31m[auth][error][0m UntrustedHost: Host must be trusted. URL was: https://archive.smktibazma.sch.id/api/auth/session. Read more at https://errors.authjs.dev#untrustedhost
2026-07-29 08:00:38:     at /home/azis/ares/.next/server/edge/chunks/[root-of-the-server]__0-6e10c._.js:412:51495
2026-07-29 08:00:38:     at cv (/home/azis/ares/.next/server/edge/chunks/[root-of-the-server]__0-6e10c._.js:412:54190)
2026-07-29 08:00:38:     at process.processTicksAndRejections (node:internal/process/task_queues:95:5)
2026-07-29 08:00:38: ⨯ Error: UNAUTHORIZED
2026-07-29 08:00:38:     at <unknown> (.next/server/chunks/ssr/[root-of-the-server]__0ypxldg._.js:1:970)
2026-07-29 08:00:38:     at async j (.next/server/chunks/ssr/[root-of-the-server]__0ypxldg._.js:1:21987) {
2026-07-29 08:00:38:   digest: '1598391174'
2026-07-29 08:00:38: }
2026-07-29 08:00:45: [31m[auth][error][0m UntrustedHost: Host must be trusted. URL was: https://archive.smktibazma.sch.id/api/auth/session. Read more at https://errors.authjs.dev#untrustedhost
2026-07-29 08:00:45:     at /home/azis/ares/.next/server/edge/chunks/[root-of-the-server]__0-6e10c._.js:412:51495
2026-07-29 08:00:45:     at cv (/home/azis/ares/.next/server/edge/chunks/[root-of-the-server]__0-6e10c._.js:412:54190)
2026-07-29 08:00:45:     at process.processTicksAndRejections (node:internal/process/task_queues:95:5)
2026-07-29 08:00:45: [31m[auth][error][0m UntrustedHost: Host must be trusted. URL was: https://archive.smktibazma.sch.id/api/auth/session. Read more at https://errors.authjs.dev#untrustedhost
2026-07-29 08:00:45:     at /home/azis/ares/.next/server/edge/chunks/[root-of-the-server]__0-6e10c._.js:412:51495
2026-07-29 08:00:45:     at cv (/home/azis/ares/.next/server/edge/chunks/[root-of-the-server]__0-6e10c._.js:412:54190)
2026-07-29 08:00:45:     at process.processTicksAndRejections (node:internal/process/task_queues:95:5)
2026-07-29 08:00:45: ⨯ Error: UNAUTHORIZED
2026-07-29 08:00:45:     at <unknown> (.next/server/chunks/ssr/[root-of-the-server]__0ypxldg._.js:1:970)
2026-07-29 08:00:45:     at async j (.next/server/chunks/ssr/[root-of-the-server]__0ypxldg._.js:1:21987) {
2026-07-29 08:00:45:   digest: '1598391174'
2026-07-29 08:00:45: }
2026-07-29 08:01:28: [31m[auth][error][0m UntrustedHost: Host must be trusted. URL was: http://10.255.255.25:3000/api/auth/session. Read more at https://errors.authjs.dev#untrustedhost
2026-07-29 08:01:28:     at /home/azis/ares/.next/server/edge/chunks/[root-of-the-server]__0-6e10c._.js:412:51495
2026-07-29 08:01:28:     at cv (/home/azis/ares/.next/server/edge/chunks/[root-of-the-server]__0-6e10c._.js:412:54190)
2026-07-29 08:01:28:     at process.processTicksAndRejections (node:internal/process/task_queues:95:5)
2026-07-29 08:01:28: ⨯ Error: UNAUTHORIZED
2026-07-29 08:01:28:     at <unknown> (.next/server/chunks/ssr/[root-of-the-server]__0ypxldg._.js:1:970)
2026-07-29 08:01:28:     at async j (.next/server/chunks/ssr/[root-of-the-server]__0ypxldg._.js:1:21987) {
2026-07-29 08:01:28:   digest: '1598391174'
2026-07-29 08:01:28: }
2026-07-29 08:01:36: [31m[auth][error][0m UntrustedHost: Host must be trusted. URL was: https://archive.smktibazma.sch.id/api/auth/session. Read more at https://errors.authjs.dev#untrustedhost
2026-07-29 08:01:36:     at /home/azis/ares/.next/server/edge/chunks/[root-of-the-server]__0-6e10c._.js:412:51495
2026-07-29 08:01:36:     at cv (/home/azis/ares/.next/server/edge/chunks/[root-of-the-server]__0-6e10c._.js:412:54190)
2026-07-29 08:01:36:     at process.processTicksAndRejections (node:internal/process/task_queues:95:5)
2026-07-29 08:01:36: [31m[auth][error][0m UntrustedHost: Host must be trusted. URL was: https://archive.smktibazma.sch.id/api/auth/session. Read more at https://errors.authjs.dev#untrustedhost
2026-07-29 08:01:36:     at /home/azis/ares/.next/server/edge/chunks/[root-of-the-server]__0-6e10c._.js:412:51495
2026-07-29 08:01:36:     at cv (/home/azis/ares/.next/server/edge/chunks/[root-of-the-server]__0-6e10c._.js:412:54190)
2026-07-29 08:01:36:     at process.processTicksAndRejections (node:internal/process/task_queues:95:5)
2026-07-29 08:01:36: ⨯ Error: UNAUTHORIZED
2026-07-29 08:01:36:     at <unknown> (.next/server/chunks/ssr/[root-of-the-server]__0ypxldg._.js:1:970)
2026-07-29 08:01:36:     at async j (.next/server/chunks/ssr/[root-of-the-server]__0ypxldg._.js:1:21987) {
2026-07-29 08:01:36:   digest: '1598391174'
2026-07-29 08:01:36: }
2026-07-29 08:03:41: [31m[auth][error][0m UntrustedHost: Host must be trusted. URL was: https://archive.smktibazma.sch.id/api/auth/session. Read more at https://errors.authjs.dev#untrustedhost
2026-07-29 08:03:41:     at /home/azis/ares/.next/server/edge/chunks/[root-of-the-server]__0-6e10c._.js:412:51495
2026-07-29 08:03:41:     at cv (/home/azis/ares/.next/server/edge/chunks/[root-of-the-server]__0-6e10c._.js:412:54190)
2026-07-29 08:03:41:     at process.processTicksAndRejections (node:internal/process/task_queues:95:5)
2026-07-29 08:03:41: [31m[auth][error][0m UntrustedHost: Host must be trusted. URL was: https://archive.smktibazma.sch.id/api/auth/session. Read more at https://errors.authjs.dev#untrustedhost
2026-07-29 08:03:41:     at /home/azis/ares/.next/server/edge/chunks/[root-of-the-server]__0-6e10c._.js:412:51495
2026-07-29 08:03:41:     at cv (/home/azis/ares/.next/server/edge/chunks/[root-of-the-server]__0-6e10c._.js:412:54190)
2026-07-29 08:03:41:     at process.processTicksAndRejections (node:internal/process/task_queues:95:5)
2026-07-29 08:03:41: ⨯ Error: UNAUTHORIZED
2026-07-29 08:03:41:     at <unknown> (.next/server/chunks/ssr/[root-of-the-server]__0ypxldg._.js:1:970)
2026-07-29 08:03:41:     at async j (.next/server/chunks/ssr/[root-of-the-server]__0ypxldg._.js:1:21987) {
2026-07-29 08:03:41:   digest: '1598391174'
2026-07-29 08:03:41: }
2026-07-29 08:03:44: [31m[auth][error][0m UntrustedHost: Host must be trusted. URL was: https://archive.smktibazma.sch.id/api/auth/session. Read more at https://errors.authjs.dev#untrustedhost
2026-07-29 08:03:44:     at /home/azis/ares/.next/server/edge/chunks/[root-of-the-server]__0-6e10c._.js:412:51495
2026-07-29 08:03:44:     at cv (/home/azis/ares/.next/server/edge/chunks/[root-of-the-server]__0-6e10c._.js:412:54190)
2026-07-29 08:03:44:     at process.processTicksAndRejections (node:internal/process/task_queues:95:5)
2026-07-29 08:03:44: [31m[auth][error][0m UntrustedHost: Host must be trusted. URL was: https://archive.smktibazma.sch.id/api/auth/session. Read more at https://errors.authjs.dev#untrustedhost
2026-07-29 08:03:44:     at /home/azis/ares/.next/server/edge/chunks/[root-of-the-server]__0-6e10c._.js:412:51495
2026-07-29 08:03:44:     at cv (/home/azis/ares/.next/server/edge/chunks/[root-of-the-server]__0-6e10c._.js:412:54190)
2026-07-29 08:03:44:     at process.processTicksAndRejections (node:internal/process/task_queues:95:5)
2026-07-29 08:03:44: ⨯ Error: UNAUTHORIZED
2026-07-29 08:03:44:     at <unknown> (.next/server/chunks/ssr/[root-of-the-server]__0ypxldg._.js:1:970)
2026-07-29 08:03:44:     at async j (.next/server/chunks/ssr/[root-of-the-server]__0ypxldg._.js:1:21987) {
2026-07-29 08:03:44:   digest: '1598391174'
2026-07-29 08:03:44: }
2026-07-29 08:03:45: [31m[auth][error][0m UntrustedHost: Host must be trusted. URL was: https://archive.smktibazma.sch.id/api/auth/session. Read more at https://errors.authjs.dev#untrustedhost
2026-07-29 08:03:45:     at /home/azis/ares/.next/server/edge/chunks/[root-of-the-server]__0-6e10c._.js:412:51495
2026-07-29 08:03:45:     at cv (/home/azis/ares/.next/server/edge/chunks/[root-of-the-server]__0-6e10c._.js:412:54190)
2026-07-29 08:03:45:     at process.processTicksAndRejections (node:internal/process/task_queues:95:5)
2026-07-29 08:03:45: [31m[auth][error][0m UntrustedHost: Host must be trusted. URL was: https://archive.smktibazma.sch.id/api/auth/session. Read more at https://errors.authjs.dev#untrustedhost
2026-07-29 08:03:45:     at /home/azis/ares/.next/server/edge/chunks/[root-of-the-server]__0-6e10c._.js:412:51495
2026-07-29 08:03:45:     at cv (/home/azis/ares/.next/server/edge/chunks/[root-of-the-server]__0-6e10c._.js:412:54190)
2026-07-29 08:03:45:     at process.processTicksAndRejections (node:internal/process/task_queues:95:5)
2026-07-29 08:03:45: ⨯ Error: UNAUTHORIZED
2026-07-29 08:03:45:     at <unknown> (.next/server/chunks/ssr/[root-of-the-server]__0ypxldg._.js:1:970)
2026-07-29 08:03:45:     at async j (.next/server/chunks/ssr/[root-of-the-server]__0ypxldg._.js:1:21987) {
2026-07-29 08:03:45:   digest: '1598391174'
2026-07-29 08:03:45: }
2026-07-29 08:03:56: [31m[auth][error][0m UntrustedHost: Host must be trusted. URL was: http://10.255.255.25:3000/api/auth/session. Read more at https://errors.authjs.dev#untrustedhost
2026-07-29 08:03:56:     at /home/azis/ares/.next/server/edge/chunks/[root-of-the-server]__0-6e10c._.js:412:51495
2026-07-29 08:03:56:     at cv (/home/azis/ares/.next/server/edge/chunks/[root-of-the-server]__0-6e10c._.js:412:54190)
2026-07-29 08:03:56:     at process.processTicksAndRejections (node:internal/process/task_queues:95:5)
2026-07-29 08:03:57: [31m[auth][error][0m UntrustedHost: Host must be trusted. URL was: http://10.255.255.25:3000/api/auth/session. Read more at https://errors.authjs.dev#untrustedhost
2026-07-29 08:03:57:     at /home/azis/ares/.next/server/edge/chunks/[root-of-the-server]__0-6e10c._.js:412:51495
2026-07-29 08:03:57:     at cv (/home/azis/ares/.next/server/edge/chunks/[root-of-the-server]__0-6e10c._.js:412:54190)
2026-07-29 08:03:57:     at process.processTicksAndRejections (node:internal/process/task_queues:95:5)
2026-07-29 08:03:58: [31m[auth][error][0m UntrustedHost: Host must be trusted. URL was: http://10.255.255.25:3000/api/auth/session. Read more at https://errors.authjs.dev#untrustedhost
2026-07-29 08:03:58:     at /home/azis/ares/.next/server/edge/chunks/[root-of-the-server]__0-6e10c._.js:412:51495
2026-07-29 08:03:58:     at cv (/home/azis/ares/.next/server/edge/chunks/[root-of-the-server]__0-6e10c._.js:412:54190)
2026-07-29 08:03:58: [31m[auth][error][0m UntrustedHost: Host must be trusted. URL was: http://10.255.255.25:3000/api/auth/session. Read more at https://errors.authjs.dev#untrustedhost
2026-07-29 08:03:58:     at /home/azis/ares/.next/server/edge/chunks/[root-of-the-server]__0-6e10c._.js:412:51495
2026-07-29 08:03:58:     at cv (/home/azis/ares/.next/server/edge/chunks/[root-of-the-server]__0-6e10c._.js:412:54190)
2026-07-29 08:04:40: [31m[auth][error][0m UntrustedHost: Host must be trusted. URL was: http://10.255.255.25:3000/api/auth/session. Read more at https://errors.authjs.dev#untrustedhost
2026-07-29 08:04:40:     at /home/azis/ares/.next/server/edge/chunks/[root-of-the-server]__0-6e10c._.js:412:51495
2026-07-29 08:04:40:     at cv (/home/azis/ares/.next/server/edge/chunks/[root-of-the-server]__0-6e10c._.js:412:54190)
2026-07-29 08:04:40:     at process.processTicksAndRejections (node:internal/process/task_queues:95:5)
2026-07-29 08:04:40: [31m[auth][error][0m UntrustedHost: Host must be trusted. URL was: http://10.255.255.25:3000/api/auth/session. Read more at https://errors.authjs.dev#untrustedhost
2026-07-29 08:04:40:     at /home/azis/ares/.next/server/edge/chunks/[root-of-the-server]__0-6e10c._.js:412:51495
2026-07-29 08:04:40:     at cv (/home/azis/ares/.next/server/edge/chunks/[root-of-the-server]__0-6e10c._.js:412:54190)
2026-07-29 08:04:40:     at process.processTicksAndRejections (node:internal/process/task_queues:95:5)
2026-07-29 08:04:40: ⨯ Error: UNAUTHORIZED
2026-07-29 08:04:40:     at <unknown> (.next/server/chunks/ssr/[root-of-the-server]__0ypxldg._.js:1:970)
2026-07-29 08:04:40:     at async j (.next/server/chunks/ssr/[root-of-the-server]__0ypxldg._.js:1:21987) {
2026-07-29 08:04:40:   digest: '1598391174'
2026-07-29 08:04:40: }
2026-07-29 08:04:44: [31m[auth][error][0m UntrustedHost: Host must be trusted. URL was: http://10.255.255.25:3000/api/auth/session. Read more at https://errors.authjs.dev#untrustedhost
2026-07-29 08:04:44:     at /home/azis/ares/.next/server/edge/chunks/[root-of-the-server]__0-6e10c._.js:412:51495
2026-07-29 08:04:44:     at cv (/home/azis/ares/.next/server/edge/chunks/[root-of-the-server]__0-6e10c._.js:412:54190)
2026-07-29 08:04:44:     at process.processTicksAndRejections (node:internal/process/task_queues:95:5)
2026-07-29 08:04:44: [31m[auth][error][0m UntrustedHost: Host must be trusted. URL was: http://10.255.255.25:3000/api/auth/session. Read more at https://errors.authjs.dev#untrustedhost
2026-07-29 08:04:44:     at /home/azis/ares/.next/server/edge/chunks/[root-of-the-server]__0-6e10c._.js:412:51495
2026-07-29 08:04:44:     at cv (/home/azis/ares/.next/server/edge/chunks/[root-of-the-server]__0-6e10c._.js:412:54190)
2026-07-29 08:04:44:     at process.processTicksAndRejections (node:internal/process/task_queues:95:5)
2026-07-29 08:04:44: ⨯ Error: UNAUTHORIZED
2026-07-29 08:04:44:     at <unknown> (.next/server/chunks/ssr/[root-of-the-server]__0ypxldg._.js:1:970)
2026-07-29 08:04:44:     at async j (.next/server/chunks/ssr/[root-of-the-server]__0ypxldg._.js:1:21987) {
2026-07-29 08:04:44:   digest: '1598391174'
2026-07-29 08:04:44: }
2026-07-29 08:04:46: [31m[auth][error][0m UntrustedHost: Host must be trusted. URL was: http://10.255.255.25:3000/api/auth/session. Read more at https://errors.authjs.dev#untrustedhost
2026-07-29 08:04:46:     at /home/azis/ares/.next/server/edge/chunks/[root-of-the-server]__0-6e10c._.js:412:51495
2026-07-29 08:04:46:     at cv (/home/azis/ares/.next/server/edge/chunks/[root-of-the-server]__0-6e10c._.js:412:54190)
2026-07-29 08:04:46:     at process.processTicksAndRejections (node:internal/process/task_queues:95:5)
2026-07-29 08:04:46: ⨯ Error: UNAUTHORIZED
2026-07-29 08:04:46:     at <unknown> (.next/server/chunks/ssr/[root-of-the-server]__0ypxldg._.js:1:970)
2026-07-29 08:04:46:     at async j (.next/server/chunks/ssr/[root-of-the-server]__0ypxldg._.js:1:21987) {
2026-07-29 08:04:46:   digest: '1598391174'
2026-07-29 08:04:46: }
2026-07-29 08:05:07: [31m[auth][error][0m UntrustedHost: Host must be trusted. URL was: https://archive.smktibazma.sch.id/api/auth/session. Read more at https://errors.authjs.dev#untrustedhost
2026-07-29 08:05:07:     at /home/azis/ares/.next/server/edge/chunks/[root-of-the-server]__0-6e10c._.js:412:51495
2026-07-29 08:05:07:     at cv (/home/azis/ares/.next/server/edge/chunks/[root-of-the-server]__0-6e10c._.js:412:54190)
2026-07-29 08:05:07:     at process.processTicksAndRejections (node:internal/process/task_queues:95:5)
2026-07-29 08:05:07: ⨯ Error: UNAUTHORIZED
2026-07-29 08:05:07:     at <unknown> (.next/server/chunks/ssr/[root-of-the-server]__0ypxldg._.js:1:970)
2026-07-29 08:05:07:     at async j (.next/server/chunks/ssr/[root-of-the-server]__0ypxldg._.js:1:21987) {
2026-07-29 08:05:07:   digest: '1598391174'
2026-07-29 08:05:07: }
